<!DOCTYPE html><html><head><meta http-equiv=Content-Type content="text/html; charset=utf-8"></head><div style='page-break-after: always;'><a id="mentioned-section">&nbsp;</a><p>Mentioned Section root</p>
</div><div style='page-break-after: always;'><a id="start-page">&nbsp;</a><p>Start page</p>
</div><div style='page-break-after: always;'><a id="mentioned-sectionin-mentioned-section">&nbsp;</a><p>Page in Mentioned Section
<img src="data:image/.png;base64,iVBORw0KGgoAAAANSUhEUgAAAeAAAAHgCAYAAAB91L6VAAAABmJLR0QA/wD/AP+gvaeTAAAM7UlEQVR4nO3cPZIkVxUF4CsF7IGFYOBj4bMBOVgErkyuvNESwNIyMLAAQwuBCJYgAmMwJoep+enu6nqZeV5mfl/EiQp5WXmf3glV31AVAAAAAAAAAAAAAAAAAAAAAAAAAAAAAAAAAAAAAAAAAAAAAAAAAAAAAAAAAAAAAAAAAAAAAAAAAAAAAAAAAAAAAAAAAAAAAAAAAAAAAAAAAAAAAAAAAAAAAAAAAAAAAAAAAAAAAAAAAAAAAAAAAAAAAAAAAAAAAAAAAAAAAAAAAAAAAAAAAAAAAAAAAAAAAAAAAAAAAAAAAAAAAAAAAAAAAAAAAAAAAAAAAAAAAAAAAAAAAAAAAAAAAADAfL5KP8Ad3qYfAIBDmrrjvk4/AABckQIGgAAFDAABChgAAhQwAAQoYAAIUMAAEKCAASBAAQNAgAIGgAAFDAABChgAAhQwAAQoYAAIUMAAEKCAASBAAQNAgAIGgAAFDAABChgAAhQwAAQoYAAIUMAAEKCAASBAAQNAgAIGgAAFDAABChgAAhQwAAQoYAAIUMAAEKCAASBAAQNAgAIGgAAFDAABChgAAhQwAAQoYAAIUMAAEKCAASBAAQNAgAIGgAAFDAABChgAAhQwAAQoYAAIUMAAEKCAASBAAQNAgAIGgAAFDAABChgAAhQwAAQoYAAIUMAAEKCAASBAAQNAgAIGgAAFDAABChgAAhQwAAQoYAAIUMAAEKCAASBAAQNAgAIGgAAFDAABChgAAhQwAAQoYAAIUMAAEKCAASBAAQNAgAIGgAAFDAABChgAAhQwAAQoYAAIUMAAEKCAASBAAQNAgAIGgAAFDAABChgAAhQwAAQoYAAIUMAAEKCAASBAAQNAgAIGgAAFDAABChgAAhQwAAQoYAAIUMAAEKCAASBAAQNAgAIGgAAFDAABChgAAhQwAAQoYAAIUMAAEKCAASBAAQNAgAIGgAAFDAABChgAAhQwAAQoYAAIUMAAEKCAASBAAQNAgAIGgAAFDAABChgAAhQwAAQoYAAIUMAAEKCAASBAAQNAgAIGgAAFDAABChgAAhQwAAQoYAAIUMAAEKCAASBAAQNAgAIGgAAFDAABChgAAhQwAAQoYAAIUMAAEKCAASBAAQNAgAIGgAAFDAABChi+7Meq+k1VfZ9+EOCcfpZ+AJjMX6vqu6r6x/LPf6mqn6rqj7EnAk5JAcM7nxbvrV4+lTCwGgXM1T1XvLd6+VTCwCoUMFd1b/He6uVTCQPDFDBX80jx3urlUwkDQxQwVzFavLd6+VTCwMMUMGe3ZvHe6uVTCQMPUcCc1VbFe6uXTyUMvJoC5mz2KN5bvXwqYeBVFDBnsXfx3urlUwkDd1PAHF2yeG/18qmEgbsoYI5qluK91cunEgZepIA5mhmL91Yvn0oYeJYC5ihmL95bvXwqYeBJCpjZHal4b/XyqYSBL1LAzOqoxXurl08lDHxGATObMxTvrV4+lTDwEQXMLM5WvLd6+VTCwP8pYNLOXLy3evlUwkBVVX2VfoA7vE0/AJv5oaq+ST/Ezt5U1bfph4CLmLrjpn64hQI+p79X1a+r6r/pBwno8l/CsIepO27qh1so4PP5V1X9sqr+nX6QoC4lDFubuuO+Tj8Al/OfqvptXbt8q94V8HfphwByFDB7+0NV/Zh+iEl0KWG4LAXMnv68hA+6lDBc0tS/jy/8Dfgcrrx0dY8ufxOGtU3dcVM/3EIBH5+lq/t0KWFY09Qd5ydotmbp6n5dfo6Gy1DAbM3S1et0KWG4BAXMlixdPaZLCcPpTf37+MLfgI/J0tW4Ln8ThhFTd9zUD7dQwMdj6Wo9XUoYHjV1x/kJmrVZulpXl5+j4ZQUMGuzdLW+LiUMp6OAWZOlq+10KWE4lal/H1/4G/AxWLraR5e/CcO9pu64qR9uoYDnZ+lqX11KGO4xdcf5CZpRlq721+XnaDg8BcwoS1cZXUoYDm3q/zxf+Al6Xj9U1Tfph7i4N1X1bfohDur75dP7O68jdNzU3sqU+VtV/fyZubGfrvx5OFra+7tEGJQeoHyef1bVL54bGrvryp+Lo6S9v8uEQekBysf5qap+9ezESOnKn4/Z097fpcKg9ADl4/zu+XER1pU/I7Omvb/LhUHpAcqH/OmFWTGHrvxZmS3t/V0yDEoPUN7F0tWxdOXPzCxp7++yYVB6gGLp6qi68mcnnfb+Lh0GpQd49Vi6Orau/BlKpYff3rXf3xnCoPQArx5LV8fXlT9He6dXeG/v9QTfRx4Lg9IDvHIsXZ1HV/487ZVe5Y19rCf4XvL6MCg9wKvG0tX5dOXP1dbpld7Vl/QE309eFwalB3jFWLo6r678+doqvdpbeloHvpc8HgalB3i1WLo6v678OVs7veL7eUlv8PyyTRiUHuDVYunqGrryZ22t9Kpv5j79wHPK/mFQeoBXiqWra+nKn7nR9Mrv5DX6C88jc4VB6QFeJZaurqkrf/YeTa/+Nl6vK/8e5OkwKD3AK8TS1bV15c/ga9MbvIdHdeXfh3w5DEoP8OyxdEXVsUqkN3kDY7ry70U+D4PSAzx7LF3xXlf+PL6U3ui7r6Er/37k4zAoPcAzx9IVn+rKn8un0pt96/V05d+TfAiD0gM8ayxd8ZSu/Pn8NL3h911bV/59ybswKD3AM8bSFS/pyp/T9+lNv+k2uvLvTRiWHuDZYumKe3Xlz2tv/B231JV/f1cPg9IDPFssXfEaXbmz2pt/u+115f+dv3IYlB7gmWLpikd07X9We4fvtZeu/L/7Vw2D0gM8SyxdMaJrv7Pau3yjfXXl74ArhkHpAZ4hlq5YQ9f2Z7V3+i4JXfm74GphUHqAR4+lK9bUtd1Z7d2+RU5X/k64UhiUHuDRY+mKtXWtf057x+dP68rfC1cJg9IDPHIsXbGVrvXOae/65HPoyt8PVwiD0gM8aixdsbWu8XPaOz/zTLry98TZw6D0AI8YS1fspevxc9q7P+18uvL3xZnDoPQAjxZLV+yt6/XntAPPOauu/L1x1jAoPcCjxdIVCV33n9GOPOHcuvJ3xxnDoPQAjxRLVyR1vXxGO/RsR9CVv0POFgalB3iUWLpiBl1Pn9GOPdVxdOXvkjOFQekBHiGWrphJ1+dntIPPczRd+TvlLGFQeoCzx9IVM+r6cEY7+iTH1JW/W84QBqUHOHt+//irhU29WcJj3lT+fjl6GJQe4MyxdAXn1pW/Z44cBqUHOGssXcE1dOXvm6OGQekBzhhLV3AtXfl754hhUHqAs8XSFVxTV/7+OVoYlB7gbPF/uoLr6srfQUcKg9IDnCmWroCu/F10lDAoPcBZYukKeK8rfycdIQxKD3CGWLoCPtWVv5tmD4PSA0zH0hXwlK78HTVzGJQeYDqWroDndOXvqVnDoPQAk7F0BdyjK39fzRgGpQeYiqUr4DW68vfWbGFQeoCJWLoCHtGVv79mCoPSA9w7lq6AEV35e2yWMCg9wL1j6QoY1ZW/y2YIg9ID3DOWroC1dOXvtHQYlB7gXrF0BaytK3+3KeADSw9wj1i6ArbSlb/jFPBBpQe4dSxdAVvryt91CviA0gPcOpaugD105e87BXww6QFuGUtXwJ668veeAj6Q9AC3iqUrIKErf/8p4INID3CLWLoCkrry96ACPoD0ANeOpStgBl35+1ABTy49wLVj6QqYRVf+TlTAE0sPcM1YugJm05W/GxXwpNIDXCuWroBZdeXvSAU8ofQA14ilK2B2Xfm7UgFPJj3A0Vi6Ao6iK39nKuCJpAc4GktXwJF05e9NBTyJ9ABHYukKOKKu/P2pgCeQHuCjsXQFHFlX/h5VwGHpAT4SS1fAGXTl71MFHJQe4Gtj6Qo4k678vaqAQ9IDfG0sXQFn05W/WxVwQHqAr4mlK+CsuvJ3rALeWXqA98bSFXB2Xfm7VgHvKD3Ae2LpCriKrvydq4B3kh7gS7F0BVxNV/7uVcA7SA/wpVi6Aq6oK3//HrqAv0o/wB2mf4kATGnqjvs6/QAAcEUKGAACFDAABChgAAhQwAAQoIABIEABA0CAAgaAAAUMAAEKGAACFDAABChgAAhQwAAQoIABIEABA0CAAgaAAAUMAAEKGAACFDAABChgAAhQwAAQoIABIEABA0CAAgaAAAUMAAEKGAACFDAABChgAAhQwAAQoIABIEABA0CAAgaAAAUMAAEKGAACFDAABChgAAhQwAAQoIABIEABAwAAAAAAAAAAAAAAAAAAAAAAAAAAAAAAAAAAAAAAAAAAAAAAAAAAAAAAAAAAAAAAAAAAAAAAAAAAAAAAAAAAAAAAAAAAAAAAAAAAAAAAAAAAAAAAAAAAAAAAAAAAAAAAAAAAAAAAAAAAAAAAAAAAAAAAAAAAAAAAAAAAAAAAAAAAAAAAAAAAAAAAAAAAAAAAAAAAAAAAwDP+B1Uz4x/UJSsOAAAAAElFTkSuQmCC" alt="A Pic" /></p>
</div><div style='page-break-after: always;'><a id="mentioned-section-no-homein-mentioned-section-no-home">&nbsp;</a><p>Page in Mentioned Section</p>
</div><a id="unmentioned-sectionin-unmentioned-section">&nbsp;</a><p>Page in Unmentioned Section</p>
<footer><style>/* this style guide will mimic the behaviour of various markdown as in Azure Dev Ops */
body, html {
    color: #191919;
    word-wrap: break-word;
    font-family: "Segoe UI Emoji", Symbola, Tahoma, Geneva, Verdana, sans-serif;
    font-size: .9375rem;
}

html >*:first-child {
    margin-top: 0
}

html >*:last-child {
    margin-bottom: 0
}

 a {
    color: #005a9e;
    text-decoration: none;
    outline: transparent
}

 a:hover {
    color: #004578;
}

 p,
 blockquote,
 ul,
 ol,
 table,
 pre {
    margin: 0 0 16px 0
}

pre {
    white-space: pre-wrap !important; /* needed to wrap long code lines */
}

table td
{
    word-break: break-all !important; /* need to wrap large tables */
}

 table {
    border-collapse: collapse;
    border-spacing: 0;
    color: #191919;
    cursor: default;
    display: block;
    overflow-x: auto;
    font-size: .9375rem;
}

 table table {
    margin-bottom: 0
}

 table th {
    color: #737373;
    font-size: .9375rem;
    font-weight: 600;
    text-align: left;
    border: 1px solid #eaeaea;
    padding: 13px 11px
}

 table td {
    border: 1px solid #eaeaea;
    text-align: left;
    padding: 10px 13px;
    min-width: 50px;
    max-width: 1000px
}

 code {
    font-family: Menlo, Consolas, Courier New, monospace;
    font-size: .75rem;
    background-color: #f0f0f0;
    color: #191919;
    padding: 2px 4px;
    border-radius: 2px
}

 hr {
    border: 1px solid #eaeaea;
}

 pre {
    font-size: .75rem;
    white-space: pre;
    word-wrap: normal;
    background-color: #f0f0f0;
    border-radius: 2px;
    padding: 15px;
    overflow-x: auto
}

 pre code {
    font-size: inherit;
    background-color: transparent;
    padding: 0
}

 blockquote {
    color: #4d4d4d;
    border-left: 2px solid #eaeaea;
    padding-left: 16px
}

 blockquote>*:first-child {
    margin-top: 0
}

 blockquote>*:last-child {
    margin-bottom: 0
}

 blockquote>p,
 blockquote ol,
 blockquote ul {
    margin: 16px 0
}

 img {
    max-width: 100%
}

 ul,
 ol {
    padding-left: 32px
}

 ul ul,
 ul ol,
 ol ul,
 ol ol {
    margin-top: 0;
    margin-bottom: 0
}

 li {
    list-style: inherit
}

 li+li {
    margin-top: 4px
}

 h1 {
    font-size: 1.3125rem;
    font-weight: 600;
    color: #191919;
    margin: 24px 0 8px 0;
    letter-spacing: -.04em
}

 h1 .bowtie-icon {
    font-size: unset
}

 h1:first-child {
    margin-top: 0
}

 h2 {
    font-size: 1.0625rem;
    font-weight: 600;
    color: #191919;
    margin: 24px 0 8px 0
}

 h2 .bowtie-icon {
    font-size: unset
}

 h3 {
    font-size: .9375rem;
    font-weight: 600;
    color: #191919;
    margin: 24px 0 8px 0
}

 h3 .bowtie-icon {
    font-size: unset
}

 h4 {
    font-size: .875rem;
    font-weight: 600;
    color: #191919;
    margin: 24px 0 8px 0
}

 h4 .bowtie-icon {
    font-size: unset
}

 h5 {
    font-size: .75rem;
    font-weight: 600;
    color: #191919;
    margin: 24px 0 8px 0
}

 h5 .bowtie-icon {
    font-size: unset
}

 h6 {
    font-size: .75rem;
    font-weight: 600;
    color: #737373;
    margin: 24px 0 8px 0
}

 h6 .bowtie-icon {
    font-size: unset
}

.bolt-focus-visible  a:focus {
    outline: #666666 solid 1px;
}

.hljs {
    display: block;
    overflow-x: auto;
    padding: .5em;
    color: #191919;
    -webkit-text-size-adjust: none
}

.markdown-preview-container {
    margin: 20px
}

table.metadata-yaml-table {
    font-size: .75rem;
    line-height: 1
}

.toc-container {
    border: 1px solid;
    border-color: #eaeaea;
    border-radius: 4px;
    display: inline-block;
    padding: 10px 16px 10px 0;
    margin-bottom: 14px;
    min-width: 250px
}

.toc-container .toc-container-header {
    font-weight: 600;
    margin: 0 16px 5px 16px
}

.toc-container ul {
    list-style: none;
    margin: 0;
    padding-left: 16px;
    color: #005a9e;
}

.toc-container ul li {
    margin-top: 4px;
    margin-bottom: 0
}

.toc-container li::before {
    content: "\2022 "
}

.toc-container a {
    margin-left: 5px;
    display: inline-block;
    vertical-align: top;
    width: auto;
    max-width: 400px;
    text-decoration: none;
    overflow: hidden;
    text-overflow: ellipsis;
    white-space: nowrap;
    word-wrap: normal
}

.task-list input.task-list-item-checkbox {
    vertical-align: middle;
    margin: 4px;
    float: none
}

ul li.task-list-item {
    list-style-type: none
}

ul.task-list {
    padding-left: 7px
}

li.task-list-item {
    min-height: 18px
}

/* additional styling */

div.is-note table {
    background-color: #E2DAF1; /* hsl(262deg 46% 90%); */
    border-radius:6px;
    -moz-border-radius:6px;
    border: none;
    font-size: inherit;
}
div.is-tip table {
    background-color: #D2F9D2; /* hsl(120deg 77% 90%); */
    border-radius:6px;
    -moz-border-radius:6px;
    border: none;
    font-size: inherit;
}
div.is-important table {
    background-color:  #E0F2FF; /*hsl(205deg 100% 94%); */
    border-radius:6px;
    -moz-border-radius:6px;
    border: none;
    font-size: inherit;
}
div.is-caution table {
    background-color: #FFDACC; /* hsl(16deg 100% 90%); */
    border-radius:6px;
    -moz-border-radius:6px;
    border: none;
    font-size: inherit;
}
div.is-warning table {
    background-color: #FFF1CC; /* hsl(44deg 100% 90%); */
    border-radius:6px;
    -moz-border-radius:6px;
    border: none;
    font-size: inherit;
}
div.is-note th, div.is-note td,div.is-tip th, div.is-tip td,
div.is-important th,div.is-important td,div.is-caution th,
div.is-caution td,div.is-warning th, div.is-warning td {
    border: none;
}

.mention-widget-workitem, .mention-widget-workitem-state, .mention-link {
    box-sizing: border-box;
    -webkit-box-sizing: border-box;
    -moz-box-sizing: border-box;
}

.secondary-text {
    color: rgba(0, 0, 0, .55)
}
.fontWeightSemiBold {
    font-weight: 600;
}

a.mention-link, a.mention-link :hover {
    text-decoration: none;
}
.mention-widget-workitem {
    font-family: "Segoe UI", Tahoma, sans-serif;
    font-size: 0.875rem;
    padding: 2px 0.333em;
    display: inline;
    word-break: break-word;
    margin: 0 1px;
    /* FIXME: Commented until properly rendered in PDF. See https://github.com/wkhtmltopdf/wkhtmltopdf/issues/5068
    border-radius: 25%; */
    line-height: 24px;
    font-style: normal;
    font-weight: normal;
    border-left: 2px solid transparent;
}
.mention-widget-workitem-title {
    color: rgba(0, 0, 0, 0.9);
}
.mention-widget-workitem-state {
    border-left: 1px solid;
    border-left-color: rgba(200, 200, 200, 1);
    padding: 0 8px 0 4px;
    display: inline-flex;
    align-items: center;
    margin: 4px 2px 4px 8px;
    line-height: 24px;
    vertical-align: bottom;
    color: rgba(0, 0, 0, 0.9);
}
.mention-widget-workitem-state .workitem-state-color {
    border: 3px solid transparent;
    width: 16px;
    height: 16px;
    border-radius: 50%;
    margin: 0 4px;
    background-clip: padding-box;
    box-sizing: border-box;
}
.work-item-type-icon-host {
    display: inline-block;
}
.work-item-type-icon-host .work-item-type-icon {
    min-width: 14px;
    display: inline;
}

.bowtie-icon,
i.bowtie-icon {
    font-family: "bowtie";
    font-size: 14px;
    speak: none;
    display: inline-block;
    font-style: normal;
    font-weight: normal;
    font-variant: normal;
    text-transform: none;
    text-align: center;
    text-decoration: none;
    line-height: 16px;
    -webkit-font-smoothing: antialiased;
    -moz-osx-font-smoothing: grayscale;
}

.bowtie-brand-github::before{content:"\e916 ";}
.bowtie-package-fill::before{content:"\e95e ";}
.bowtie-settings-gear::before{content:"\e98f ";}
.bowtie-status-error-outline::before{content:"\ea03 ";}
.bowtie-status-success-box::before{content:"\ea18 ";}
.bowtie-symbol-airplane::before{content:"\eadb ";}
.bowtie-symbol-ask::before{content:"\eac2 ";}
.bowtie-symbol-asterisk::before{content:"\eade ";}
.bowtie-symbol-book::before{content:"\eac7 ";}
.bowtie-symbol-bug::before{content:"\eabc ";}
.bowtie-symbol-car::before{content:"\eadc ";}
.bowtie-symbol-color-palette::before{content:"\eae4 ";}
.bowtie-symbol-crown::before{content:"\eabd ";}
.bowtie-symbol-decision::before{content:"\eae1 ";}
.bowtie-symbol-defect::before{content:"\eb0c ";}
.bowtie-symbol-diamond::before{content:"\eadd ";}
.bowtie-symbol-feedback-request::before{content:"\eae7 ";}
.bowtie-symbol-feedback-response::before{content:"\eae8 ";}
.bowtie-symbol-finance::before{content:"\ead8 ";}
.bowtie-symbol-flame::before, .bowtie-symbol-chat_bubble::before{content:"\eac4 ";}
.bowtie-symbol-government::before{content:"\eae0 ";}
.bowtie-symbol-headphone::before{content:"\ead9 ";}
.bowtie-symbol-impediment::before{content:"\eac1 ";}
.bowtie-symbol-issue::before{content:"\eb0b ";}
.bowtie-symbol-key::before{content:"\eada ";}
.bowtie-symbol-list::before{content:"\eac5 ";}
.bowtie-symbol-paint-brush::before{content:"\eae3 ";}
.bowtie-symbol-parachute::before{content:"\eae2 ";}
.bowtie-symbol-review::before{content:"\eabd ";}
.bowtie-symbol-review-request::before{content:"\eae5 ";}
.bowtie-symbol-review-response::before{content:"\eae6 ";}
.bowtie-symbol-ribbon::before{content:"\ead7 ";}
.bowtie-symbol-stickynote::before{content:"\eac0 ";}
.bowtie-symbol-storage-database::before{content:"\eadf ";}
.bowtie-symbol-task::before{content:"\eabf ";}
.bowtie-symbol-trophy::before{content:"\eabe ";}
.bowtie-test-case::before{content:"\eafa ";}
.bowtie-test-fill::before{content:"\ea19 ";}
.bowtie-test-parameter::before{content:"\eaca ";}
.bowtie-test-plan::before{content:"\eac8 ";}
.bowtie-test-step::before{content:"\eac9 ";}
.bowtie-test-suite::before{content:"\eacb ";}
.bowtie-tfvc-pull-request:before{content:"\ea3a ";}

@font-face {
font-family: "bowtie";
font-style: normal;
font-weight: normal;
src: url("https://cdn.vsassets.io/v/M188_20210713.2/_content/Fonts/Icons/bowtie.eot");
src: url("https://cdn.vsassets.io/v/M188_20210713.2/_content/Fonts/Icons/bowtie.eot?iefix")
    format("embedded-opentype"),
    url("https://cdn.vsassets.io/v/M188_20210713.2/_content/Fonts/Icons/bowtie.woff")
    format("woff"),
    url("https://cdn.vsassets.io/v/M188_20210713.2/_content/Fonts/Icons/bowtie.svg#bowtie")
    format("svg");
}

</style></footer></html>